exports[`getAssetIconPathItems snapshot all icons 1`] = `
[
  [
    "algorand",
    "@exodus/algorand-meta/assets/svg",
    "algorand.svg",
  ],
  [
    "eden",
    "@exodus/algorand-meta/assets/svg",
    "eden.svg",
  ],
  [
    "exit",
    "@exodus/algorand-meta/assets/svg",
    "exit.svg",
  ],
  [
    "gems_algorand_60d192b2",
    "@exodus/algorand-meta/assets/svg",
    "gems_algorand_60d192b2.svg",
  ],
  [
    "opul_algorand_35471831",
    "@exodus/algorand-meta/assets/svg",
    "opul_algorand_35471831.svg",
  ],
  [
    "smile_algorand",
    "@exodus/algorand-meta/assets/svg",
    "smile_algorand.svg",
  ],
  [
    "stbl_algorand",
    "@exodus/algorand-meta/assets/svg",
    "stbl_algorand.svg",
  ],
  [
    "tinyusdc_algorand",
    "@exodus/algorand-meta/assets/svg",
    "tinyusdc_algorand.svg",
  ],
  [
    "usdcoin_algorand",
    "@exodus/algorand-meta/assets/svg",
    "usdcoin_algorand.svg",
  ],
  [
    "vest_algorand_120e7149",
    "@exodus/algorand-meta/assets/svg",
    "vest_algorand_120e7149.svg",
  ],
  [
    "xet_algorand_a17ef051",
    "@exodus/algorand-meta/assets/svg",
    "xet_algorand_a17ef051.svg",
  ],
  [
    "yieldly_algorand",
    "@exodus/algorand-meta/assets/svg",
    "yieldly_algorand.svg",
  ],
  [
    "aptos",
    "@exodus/aptos-meta/assets/svg",
    "aptos.svg",
  ],
  [
    "ark",
    "@exodus/ark-meta/assets/svg",
    "ark.svg",
  ],
  [
    "aurora",
    "@exodus/aurora-meta/assets/svg",
    "aurora.svg",
  ],
  [
    "aurora_aurora_4cb82266",
    "@exodus/aurora-meta/assets/svg",
    "aurora_aurora_4cb82266.svg",
  ],
  [
    "avalanchec",
    "@exodus/avalanchec-meta/assets/svg",
    "avalanchec.svg",
  ],
  [
    "gmx_avalanchec_c7b658d1",
    "@exodus/avalanchec-meta/assets/svg",
    "gmx_avalanchec_c7b658d1.svg",
  ],
  [
    "joe_avalanchec_872bcd49",
    "@exodus/avalanchec-meta/assets/svg",
    "joe_avalanchec_872bcd49.svg",
  ],
  [
    "png_avalanchec_4c320d14",
    "@exodus/avalanchec-meta/assets/svg",
    "png_avalanchec_4c320d14.svg",
  ],
  [
    "qi_avalanchec_19fd2065",
    "@exodus/avalanchec-meta/assets/svg",
    "qi_avalanchec_19fd2065.svg",
  ],
  [
    "savax_avalanchec_4c4408bd",
    "@exodus/avalanchec-meta/assets/svg",
    "savax_avalanchec_4c4408bd.svg",
  ],
  [
    "usdc_avalanchec_185c8bd7",
    "@exodus/avalanchec-meta/assets/svg",
    "usdc_avalanchec_185c8bd7.svg",
  ],
  [
    "usdt_avalanchec_d80c1afa",
    "@exodus/avalanchec-meta/assets/svg",
    "usdt_avalanchec_d80c1afa.svg",
  ],
  [
    "usdte_avalanchec_7d310603",
    "@exodus/avalanchec-meta/assets/svg",
    "usdte_avalanchec_7d310603.svg",
  ],
  [
    "axelar",
    "@exodus/axelar-meta/assets/svg",
    "axelar.svg",
  ],
  [
    "basemainnet",
    "@exodus/basemainnet-meta/assets/svg",
    "basemainnet.svg",
  ],
  [
    "usdc_basemainnet_b5a52617",
    "@exodus/basemainnet-meta/assets/svg",
    "usdc_basemainnet_b5a52617.svg",
  ],
  [
    "bcash",
    "@exodus/bcash-meta/assets/svg",
    "bcash.svg",
  ],
  [
    "bgold",
    "@exodus/bgold-meta/assets/svg",
    "bgold.svg",
  ],
  [
    "bitcoin",
    "@exodus/bitcoin-meta/assets/svg",
    "bitcoin.svg",
  ],
  [
    "bitcoinregtest",
    "@exodus/bitcoinregtest-meta/assets/svg",
    "bitcoinregtest.svg",
  ],
  [
    "bitcoinsv",
    "@exodus/bitcoinsv-meta/assets/svg",
    "bitcoinsv.svg",
  ],
  [
    "bitcointestnet",
    "@exodus/bitcointestnet-meta/assets/svg",
    "bitcointestnet.svg",
  ],
  [
    "bnbmainnet",
    "@exodus/bnbmainnet-meta/assets/svg",
    "bnbmainnet.svg",
  ],
  [
    "busd_bnbmainnet",
    "@exodus/bnbmainnet-meta/assets/svg",
    "busd_bnbmainnet.svg",
  ],
  [
    "thorchain_bnbmainnet",
    "@exodus/bnbmainnet-meta/assets/svg",
    "thorchain_bnbmainnet.svg",
  ],
  [
    "1inch_bsc_61c44543",
    "@exodus/bsc-meta/assets/svg",
    "1inch_bsc_61c44543.svg",
  ],
  [
    "ada_bsc_db5f96ab",
    "@exodus/bsc-meta/assets/svg",
    "ada_bsc_db5f96ab.svg",
  ],
  [
    "alice_bsc_06579e0c",
    "@exodus/bsc-meta/assets/svg",
    "alice_bsc_06579e0c.svg",
  ],
  [
    "alpaca_bsc_5a5767ef",
    "@exodus/bsc-meta/assets/svg",
    "alpaca_bsc_5a5767ef.svg",
  ],
  [
    "avax_bsc_6383077e",
    "@exodus/bsc-meta/assets/svg",
    "avax_bsc_6383077e.svg",
  ],
  [
    "bnx_bsc_08fb5f48",
    "@exodus/bsc-meta/assets/svg",
    "bnx_bsc_08fb5f48.svg",
  ],
  [
    "brise_bsc_41a56649",
    "@exodus/bsc-meta/assets/svg",
    "brise_bsc_41a56649.svg",
  ],
  [
    "bsc",
    "@exodus/bsc-meta/assets/svg",
    "bsc.svg",
  ],
  [
    "bsw_bsc_1af7c444",
    "@exodus/bsc-meta/assets/svg",
    "bsw_bsc_1af7c444.svg",
  ],
  [
    "busd_bsc",
    "@exodus/bsc-meta/assets/svg",
    "busd_bsc.svg",
  ],
  [
    "celr_bsc_af903611",
    "@exodus/bsc-meta/assets/svg",
    "celr_bsc_af903611.svg",
  ],
  [
    "chr_bsc_03abf483",
    "@exodus/bsc-meta/assets/svg",
    "chr_bsc_03abf483.svg",
  ],
  [
    "dai_bsc_709f85b7",
    "@exodus/bsc-meta/assets/svg",
    "dai_bsc_709f85b7.svg",
  ],
  [
    "dodo_bsc_afd0876f",
    "@exodus/bsc-meta/assets/svg",
    "dodo_bsc_afd0876f.svg",
  ],
  [
    "eth_bsc_f1d2a904",
    "@exodus/bsc-meta/assets/svg",
    "eth_bsc_f1d2a904.svg",
  ],
  [
    "floki_bsc_c4112b36",
    "@exodus/bsc-meta/assets/svg",
    "floki_bsc_c4112b36.svg",
  ],
  [
    "flux_bsc_2e3e61bf",
    "@exodus/bsc-meta/assets/svg",
    "flux_bsc_2e3e61bf.svg",
  ],
  [
    "gal_bsc",
    "@exodus/bsc-meta/assets/svg",
    "gal_bsc.svg",
  ],
  [
    "gmt_bsc",
    "@exodus/bsc-meta/assets/svg",
    "gmt_bsc.svg",
  ],
  [
    "gst_bsc",
    "@exodus/bsc-meta/assets/svg",
    "gst_bsc.svg",
  ],
  [
    "high_bsc_1204b987",
    "@exodus/bsc-meta/assets/svg",
    "high_bsc_1204b987.svg",
  ],
  [
    "inj_bsc_47753064",
    "@exodus/bsc-meta/assets/svg",
    "inj_bsc_47753064.svg",
  ],
  [
    "iota_bsc_32b417ef",
    "@exodus/bsc-meta/assets/svg",
    "iota_bsc_32b417ef.svg",
  ],
  [
    "iotx_bsc_3d250dac",
    "@exodus/bsc-meta/assets/svg",
    "iotx_bsc_3d250dac.svg",
  ],
  [
    "lina_bsc_e410b173",
    "@exodus/bsc-meta/assets/svg",
    "lina_bsc_e410b173.svg",
  ],
  [
    "ltc_bsc_2a538e9a",
    "@exodus/bsc-meta/assets/svg",
    "ltc_bsc_2a538e9a.svg",
  ],
  [
    "matic_bsc_4cef25c8",
    "@exodus/bsc-meta/assets/svg",
    "matic_bsc_4cef25c8.svg",
  ],
  [
    "mbox_bsc",
    "@exodus/bsc-meta/assets/svg",
    "mbox_bsc.svg",
  ],
  [
    "mdx_bsc_d000e0cd",
    "@exodus/bsc-meta/assets/svg",
    "mdx_bsc_d000e0cd.svg",
  ],
  [
    "near_bsc_02be202a",
    "@exodus/bsc-meta/assets/svg",
    "near_bsc_02be202a.svg",
  ],
  [
    "pancakeswap",
    "@exodus/bsc-meta/assets/svg",
    "pancakeswap.svg",
  ],
  [
    "reef_bsc_d662ee25",
    "@exodus/bsc-meta/assets/svg",
    "reef_bsc_d662ee25.svg",
  ],
  [
    "shibainu_bsc",
    "@exodus/bsc-meta/assets/svg",
    "shibainu_bsc.svg",
  ],
  [
    "sqr_bsc_2fadeb84",
    "@exodus/bsc-meta/assets/svg",
    "sqr_bsc_2fadeb84.svg",
  ],
  [
    "tlm_bsc_8df4c3e8",
    "@exodus/bsc-meta/assets/svg",
    "tlm_bsc_8df4c3e8.svg",
  ],
  [
    "toncoin_bsc_a76181ea",
    "@exodus/bsc-meta/assets/svg",
    "toncoin_bsc_a76181ea.svg",
  ],
  [
    "uni_bsc_98044f4e",
    "@exodus/bsc-meta/assets/svg",
    "uni_bsc_98044f4e.svg",
  ],
  [
    "usdcoin_bsc",
    "@exodus/bsc-meta/assets/svg",
    "usdcoin_bsc.svg",
  ],
  [
    "usdt_bsc_ddedf0f8",
    "@exodus/bsc-meta/assets/svg",
    "usdt_bsc_ddedf0f8.svg",
  ],
  [
    "xvs_bsc_62e8348a",
    "@exodus/bsc-meta/assets/svg",
    "xvs_bsc_62e8348a.svg",
  ],
  [
    "cardano",
    "@exodus/cardano-meta/assets/svg",
    "cardano.svg",
  ],
  [
    "snek_cardano_3831f600",
    "@exodus/cardano-meta/assets/svg",
    "snek_cardano_3831f600.svg",
  ],
  [
    "worldmobil_cardano_262abe57",
    "@exodus/cardano-meta/assets/svg",
    "worldmobil_cardano_262abe57.svg",
  ],
  [
    "_1inch",
    "@exodus/combined-assets-meta/assets/svg",
    "_1inch.svg",
  ],
  [
    "_aave",
    "@exodus/combined-assets-meta/assets/svg",
    "_aave.svg",
  ],
  [
    "_audius",
    "@exodus/combined-assets-meta/assets/svg",
    "_audius.svg",
  ],
  [
    "_avalanchec",
    "@exodus/combined-assets-meta/assets/svg",
    "_avalanchec.svg",
  ],
  [
    "_axieinfinity",
    "@exodus/combined-assets-meta/assets/svg",
    "_axieinfinity.svg",
  ],
  [
    "_bittorrent",
    "@exodus/combined-assets-meta/assets/svg",
    "_bittorrent.svg",
  ],
  [
    "_bnb",
    "@exodus/combined-assets-meta/assets/svg",
    "_bnb.svg",
  ],
  [
    "_busd",
    "@exodus/combined-assets-meta/assets/svg",
    "_busd.svg",
  ],
  [
    "_cardano",
    "@exodus/combined-assets-meta/assets/svg",
    "_cardano.svg",
  ],
  [
    "_chainlink",
    "@exodus/combined-assets-meta/assets/svg",
    "_chainlink.svg",
  ],
  [
    "_dai",
    "@exodus/combined-assets-meta/assets/svg",
    "_dai.svg",
  ],
  [
    "_ethereum",
    "@exodus/combined-assets-meta/assets/svg",
    "_ethereum.svg",
  ],
  [
    "_fantom",
    "@exodus/combined-assets-meta/assets/svg",
    "_fantom.svg",
  ],
  [
    "_gmt",
    "@exodus/combined-assets-meta/assets/svg",
    "_gmt.svg",
  ],
  [
    "_litecoin",
    "@exodus/combined-assets-meta/assets/svg",
    "_litecoin.svg",
  ],
  [
    "_matic",
    "@exodus/combined-assets-meta/assets/svg",
    "_matic.svg",
  ],
  [
    "_sand",
    "@exodus/combined-assets-meta/assets/svg",
    "_sand.svg",
  ],
  [
    "_shibainu",
    "@exodus/combined-assets-meta/assets/svg",
    "_shibainu.svg",
  ],
  [
    "_smoothlovepotion",
    "@exodus/combined-assets-meta/assets/svg",
    "_smoothlovepotion.svg",
  ],
  [
    "_tetherusd",
    "@exodus/combined-assets-meta/assets/svg",
    "_tetherusd.svg",
  ],
  [
    "_thegraph",
    "@exodus/combined-assets-meta/assets/svg",
    "_thegraph.svg",
  ],
  [
    "_uniswap",
    "@exodus/combined-assets-meta/assets/svg",
    "_uniswap.svg",
  ],
  [
    "_usdcoin",
    "@exodus/combined-assets-meta/assets/svg",
    "_usdcoin.svg",
  ],
  [
    "_wbtc",
    "@exodus/combined-assets-meta/assets/svg",
    "_wbtc.svg",
  ],
  [
    "_weth",
    "@exodus/combined-assets-meta/assets/svg",
    "_weth.svg",
  ],
  [
    "cosmos",
    "@exodus/cosmos-meta/assets/svg",
    "cosmos.svg",
  ],
  [
    "cronos",
    "@exodus/cronos-meta/assets/svg",
    "cronos.svg",
  ],
  [
    "dash",
    "@exodus/dash-meta/assets/svg",
    "dash.svg",
  ],
  [
    "decred",
    "@exodus/decred-meta/assets/svg",
    "decred.svg",
  ],
  [
    "digibyte",
    "@exodus/digibyte-meta/assets/svg",
    "digibyte.svg",
  ],
  [
    "dogecoin",
    "@exodus/dogecoin-meta/assets/svg",
    "dogecoin.svg",
  ],
  [
    "elrond",
    "@exodus/elrond-meta/assets/svg",
    "elrond.svg",
  ],
  [
    "eosio",
    "@exodus/eosio-meta/assets/svg",
    "eosio.svg",
  ],
  [
    "aave",
    "@exodus/ethereum-meta/assets/svg",
    "aave.svg",
  ],
  [
    "ach_ethereum_fbad19a6",
    "@exodus/ethereum-meta/assets/svg",
    "ach_ethereum_fbad19a6.svg",
  ],
  [
    "ali_ethereum_9ae8d1eb",
    "@exodus/ethereum-meta/assets/svg",
    "ali_ethereum_9ae8d1eb.svg",
  ],
  [
    "amp",
    "@exodus/ethereum-meta/assets/svg",
    "amp.svg",
  ],
  [
    "ankr",
    "@exodus/ethereum-meta/assets/svg",
    "ankr.svg",
  ],
  [
    "ape",
    "@exodus/ethereum-meta/assets/svg",
    "ape.svg",
  ],
  [
    "api3",
    "@exodus/ethereum-meta/assets/svg",
    "api3.svg",
  ],
  [
    "audius",
    "@exodus/ethereum-meta/assets/svg",
    "audius.svg",
  ],
  [
    "axieinfinity",
    "@exodus/ethereum-meta/assets/svg",
    "axieinfinity.svg",
  ],
  [
    "balancer",
    "@exodus/ethereum-meta/assets/svg",
    "balancer.svg",
  ],
  [
    "band_ethereum_a9ddc2a2",
    "@exodus/ethereum-meta/assets/svg",
    "band_ethereum_a9ddc2a2.svg",
  ],
  [
    "bat",
    "@exodus/ethereum-meta/assets/svg",
    "bat.svg",
  ],
  [
    "blur_ethereum_ef097961",
    "@exodus/ethereum-meta/assets/svg",
    "blur_ethereum_ef097961.svg",
  ],
  [
    "bone_ethereum_1cdd7eb5",
    "@exodus/ethereum-meta/assets/svg",
    "bone_ethereum_1cdd7eb5.svg",
  ],
  [
    "busd",
    "@exodus/ethereum-meta/assets/svg",
    "busd.svg",
  ],
  [
    "cbeth_ethereum_32621dca",
    "@exodus/ethereum-meta/assets/svg",
    "cbeth_ethereum_32621dca.svg",
  ],
  [
    "chainlink",
    "@exodus/ethereum-meta/assets/svg",
    "chainlink.svg",
  ],
  [
    "chiliz",
    "@exodus/ethereum-meta/assets/svg",
    "chiliz.svg",
  ],
  [
    "compound",
    "@exodus/ethereum-meta/assets/svg",
    "compound.svg",
  ],
  [
    "crv",
    "@exodus/ethereum-meta/assets/svg",
    "crv.svg",
  ],
  [
    "decentraland",
    "@exodus/ethereum-meta/assets/svg",
    "decentraland.svg",
  ],
  [
    "dragon",
    "@exodus/ethereum-meta/assets/svg",
    "dragon.svg",
  ],
  [
    "enjincoin",
    "@exodus/ethereum-meta/assets/svg",
    "enjincoin.svg",
  ],
  [
    "ethereum",
    "@exodus/ethereum-meta/assets/svg",
    "ethereum.svg",
  ],
  [
    "eurs_ethereum_32177ca7",
    "@exodus/ethereum-meta/assets/svg",
    "eurs_ethereum_32177ca7.svg",
  ],
  [
    "forth_ethereum_52c00d9e",
    "@exodus/ethereum-meta/assets/svg",
    "forth_ethereum_52c00d9e.svg",
  ],
  [
    "gala_ethereum_3e0e1736",
    "@exodus/ethereum-meta/assets/svg",
    "gala_ethereum_3e0e1736.svg",
  ],
  [
    "imx",
    "@exodus/ethereum-meta/assets/svg",
    "imx.svg",
  ],
  [
    "jasmy_ethereum_2c1e076b",
    "@exodus/ethereum-meta/assets/svg",
    "jasmy_ethereum_2c1e076b.svg",
  ],
  [
    "leash_ethereum_562b149d",
    "@exodus/ethereum-meta/assets/svg",
    "leash_ethereum_562b149d.svg",
  ],
  [
    "looks_ethereum_222f7656",
    "@exodus/ethereum-meta/assets/svg",
    "looks_ethereum_222f7656.svg",
  ],
  [
    "lqty_ethereum_126a91b0",
    "@exodus/ethereum-meta/assets/svg",
    "lqty_ethereum_126a91b0.svg",
  ],
  [
    "maker",
    "@exodus/ethereum-meta/assets/svg",
    "maker.svg",
  ],
  [
    "mask_ethereum_c2890c79",
    "@exodus/ethereum-meta/assets/svg",
    "mask_ethereum_c2890c79.svg",
  ],
  [
    "mcd",
    "@exodus/ethereum-meta/assets/svg",
    "mcd.svg",
  ],
  [
    "mdt_ethereum_1bb644a2",
    "@exodus/ethereum-meta/assets/svg",
    "mdt_ethereum_1bb644a2.svg",
  ],
  [
    "metis_ethereum_54dc1156",
    "@exodus/ethereum-meta/assets/svg",
    "metis_ethereum_54dc1156.svg",
  ],
  [
    "mxc_ethereum_c4923be4",
    "@exodus/ethereum-meta/assets/svg",
    "mxc_ethereum_c4923be4.svg",
  ],
  [
    "nexo_ethereum_fe4d2476",
    "@exodus/ethereum-meta/assets/svg",
    "nexo_ethereum_fe4d2476.svg",
  ],
  [
    "ogn_ethereum_fcc7cc39",
    "@exodus/ethereum-meta/assets/svg",
    "ogn_ethereum_fcc7cc39.svg",
  ],
  [
    "oneinch",
    "@exodus/ethereum-meta/assets/svg",
    "oneinch.svg",
  ],
  [
    "ousd_ethereum_48fcf72d",
    "@exodus/ethereum-meta/assets/svg",
    "ousd_ethereum_48fcf72d.svg",
  ],
  [
    "paxgold",
    "@exodus/ethereum-meta/assets/svg",
    "paxgold.svg",
  ],
  [
    "pepe_ethereum_22ed551c",
    "@exodus/ethereum-meta/assets/svg",
    "pepe_ethereum_22ed551c.svg",
  ],
  [
    "perp_ethereum_c75f71b4",
    "@exodus/ethereum-meta/assets/svg",
    "perp_ethereum_c75f71b4.svg",
  ],
  [
    "pol_ethereum_e5c9fadc",
    "@exodus/ethereum-meta/assets/svg",
    "pol_ethereum_e5c9fadc.svg",
  ],
  [
    "polygon",
    "@exodus/ethereum-meta/assets/svg",
    "polygon.svg",
  ],
  [
    "pyusd_ethereum_871d3761",
    "@exodus/ethereum-meta/assets/svg",
    "pyusd_ethereum_871d3761.svg",
  ],
  [
    "radar_ethereum_e4d48030",
    "@exodus/ethereum-meta/assets/svg",
    "radar_ethereum_e4d48030.svg",
  ],
  [
    "reth_ethereum_40b16905",
    "@exodus/ethereum-meta/assets/svg",
    "reth_ethereum_40b16905.svg",
  ],
  [
    "rlb_ethereum_a7e53179",
    "@exodus/ethereum-meta/assets/svg",
    "rlb_ethereum_a7e53179.svg",
  ],
  [
    "rpl_ethereum_2f6fb917",
    "@exodus/ethereum-meta/assets/svg",
    "rpl_ethereum_2f6fb917.svg",
  ],
  [
    "rsr_ethereum_a5eb8f84",
    "@exodus/ethereum-meta/assets/svg",
    "rsr_ethereum_a5eb8f84.svg",
  ],
  [
    "sandbox",
    "@exodus/ethereum-meta/assets/svg",
    "sandbox.svg",
  ],
  [
    "sdao_ethereum_c59ee345",
    "@exodus/ethereum-meta/assets/svg",
    "sdao_ethereum_c59ee345.svg",
  ],
  [
    "shibainu",
    "@exodus/ethereum-meta/assets/svg",
    "shibainu.svg",
  ],
  [
    "smoothlovepotion",
    "@exodus/ethereum-meta/assets/svg",
    "smoothlovepotion.svg",
  ],
  [
    "snx",
    "@exodus/ethereum-meta/assets/svg",
    "snx.svg",
  ],
  [
    "stg_ethereum_08004d24",
    "@exodus/ethereum-meta/assets/svg",
    "stg_ethereum_08004d24.svg",
  ],
  [
    "sushiswap",
    "@exodus/ethereum-meta/assets/svg",
    "sushiswap.svg",
  ],
  [
    "syn_ethereum_c7f5e6b8",
    "@exodus/ethereum-meta/assets/svg",
    "syn_ethereum_c7f5e6b8.svg",
  ],
  [
    "tel_ethereum_02bc2dbb",
    "@exodus/ethereum-meta/assets/svg",
    "tel_ethereum_02bc2dbb.svg",
  ],
  [
    "tetherusd",
    "@exodus/ethereum-meta/assets/svg",
    "tetherusd.svg",
  ],
  [
    "thegraph",
    "@exodus/ethereum-meta/assets/svg",
    "thegraph.svg",
  ],
  [
    "trb_ethereum_ad699fe9",
    "@exodus/ethereum-meta/assets/svg",
    "trb_ethereum_ad699fe9.svg",
  ],
  [
    "tru_ethereum_922b250a",
    "@exodus/ethereum-meta/assets/svg",
    "tru_ethereum_922b250a.svg",
  ],
  [
    "trueusd",
    "@exodus/ethereum-meta/assets/svg",
    "trueusd.svg",
  ],
  [
    "uniswap",
    "@exodus/ethereum-meta/assets/svg",
    "uniswap.svg",
  ],
  [
    "usdcoin",
    "@exodus/ethereum-meta/assets/svg",
    "usdcoin.svg",
  ],
  [
    "wbtc",
    "@exodus/ethereum-meta/assets/svg",
    "wbtc.svg",
  ],
  [
    "weth",
    "@exodus/ethereum-meta/assets/svg",
    "weth.svg",
  ],
  [
    "wnxm_ethereum_52ead9a6",
    "@exodus/ethereum-meta/assets/svg",
    "wnxm_ethereum_52ead9a6.svg",
  ],
  [
    "woo_ethereum_0b749579",
    "@exodus/ethereum-meta/assets/svg",
    "woo_ethereum_0b749579.svg",
  ],
  [
    "yfi",
    "@exodus/ethereum-meta/assets/svg",
    "yfi.svg",
  ],
  [
    "ethereumarbnova",
    "@exodus/ethereumarbnova-meta/assets/svg",
    "ethereumarbnova.svg",
  ],
  [
    "arb_ethereumarbone_aa4791c0",
    "@exodus/ethereumarbone-meta/assets/svg",
    "arb_ethereumarbone_aa4791c0.svg",
  ],
  [
    "ethereumarbone",
    "@exodus/ethereumarbone-meta/assets/svg",
    "ethereumarbone.svg",
  ],
  [
    "gmx_ethereumarbone_34725f35",
    "@exodus/ethereumarbone-meta/assets/svg",
    "gmx_ethereumarbone_34725f35.svg",
  ],
  [
    "link_ethereumarbone_63f7deae",
    "@exodus/ethereumarbone-meta/assets/svg",
    "link_ethereumarbone_63f7deae.svg",
  ],
  [
    "magic_ethereumarbone_57601877",
    "@exodus/ethereumarbone-meta/assets/svg",
    "magic_ethereumarbone_57601877.svg",
  ],
  [
    "rdnt_ethereumarbone_58d922a3",
    "@exodus/ethereumarbone-meta/assets/svg",
    "rdnt_ethereumarbone_58d922a3.svg",
  ],
  [
    "usdc_ethereumarbone_2e1129c4",
    "@exodus/ethereumarbone-meta/assets/svg",
    "usdc_ethereumarbone_2e1129c4.svg",
  ],
  [
    "usdt_ethereumarbone_efa95268",
    "@exodus/ethereumarbone-meta/assets/svg",
    "usdt_ethereumarbone_efa95268.svg",
  ],
  [
    "weth_ethereumarbone_c53d6bd0",
    "@exodus/ethereumarbone-meta/assets/svg",
    "weth_ethereumarbone_c53d6bd0.svg",
  ],
  [
    "ethereumarbonesepolia",
    "@exodus/ethereumarbonesepolia-meta/assets/svg",
    "ethereumarbonesepolia.svg",
  ],
  [
    "ethereumclassic",
    "@exodus/ethereumclassic-meta/assets/svg",
    "ethereumclassic.svg",
  ],
  [
    "ethereumholesky",
    "@exodus/ethereumholesky-meta/assets/svg",
    "ethereumholesky.svg",
  ],
  [
    "ethereumsepolia",
    "@exodus/ethereumsepolia-meta/assets/svg",
    "ethereumsepolia.svg",
  ],
  [
    "fantommainnet",
    "@exodus/fantommainnet-meta/assets/svg",
    "fantommainnet.svg",
  ],
  [
    "fusdt_fantommainnet_b94eea88",
    "@exodus/fantommainnet-meta/assets/svg",
    "fusdt_fantommainnet_b94eea88.svg",
  ],
  [
    "filecoin",
    "@exodus/filecoin-meta/assets/svg",
    "filecoin.svg",
  ],
  [
    "flare",
    "@exodus/flare-meta/assets/svg",
    "flare.svg",
  ],
  [
    "hedera",
    "@exodus/hedera-meta/assets/svg",
    "hedera.svg",
  ],
  [
    "evm0x3e7",
    "@exodus/hyperevm-meta/assets/svg",
    "evm0x3e7.svg",
  ],
  [
    "iconmainnet",
    "@exodus/iconmainnet-meta/assets/svg",
    "iconmainnet.svg",
  ],
  [
    "injective",
    "@exodus/injective-meta/assets/svg",
    "injective.svg",
  ],
  [
    "internetcomputer",
    "@exodus/internetcomputer-meta/assets/svg",
    "internetcomputer.svg",
  ],
  [
    "kava",
    "@exodus/kava-meta/assets/svg",
    "kava.svg",
  ],
  [
    "lightningnetwork",
    "@exodus/lightningnetwork-meta/assets/svg",
    "lightningnetwork.svg",
  ],
  [
    "lisk",
    "@exodus/lisk-meta/assets/svg",
    "lisk.svg",
  ],
  [
    "litecoin",
    "@exodus/litecoin-meta/assets/svg",
    "litecoin.svg",
  ],
  [
    "mantle",
    "@exodus/mantle-meta/assets/svg",
    "mantle.svg",
  ],
  [
    "mantlesepolia",
    "@exodus/mantlesepolia-meta/assets/svg",
    "mantlesepolia.svg",
  ],
  [
    "aave_matic_bfdf3c37",
    "@exodus/matic-meta/assets/svg",
    "aave_matic_bfdf3c37.svg",
  ],
  [
    "blok_matic_79cb78bc",
    "@exodus/matic-meta/assets/svg",
    "blok_matic_79cb78bc.svg",
  ],
  [
    "dai_matic_845af41b",
    "@exodus/matic-meta/assets/svg",
    "dai_matic_845af41b.svg",
  ],
  [
    "ghst_matic_d2b95a36",
    "@exodus/matic-meta/assets/svg",
    "ghst_matic_d2b95a36.svg",
  ],
  [
    "gns_matic_4ae7a3c1",
    "@exodus/matic-meta/assets/svg",
    "gns_matic_4ae7a3c1.svg",
  ],
  [
    "link_matic_0fc0671d",
    "@exodus/matic-meta/assets/svg",
    "link_matic_0fc0671d.svg",
  ],
  [
    "matic",
    "@exodus/matic-meta/assets/svg",
    "matic.svg",
  ],
  [
    "mvx_matic_60b5e17b",
    "@exodus/matic-meta/assets/svg",
    "mvx_matic_60b5e17b.svg",
  ],
  [
    "sand_matic_0472de85",
    "@exodus/matic-meta/assets/svg",
    "sand_matic_0472de85.svg",
  ],
  [
    "sportx_matic",
    "@exodus/matic-meta/assets/svg",
    "sportx_matic.svg",
  ],
  [
    "stmatic_matic_bac42ee5",
    "@exodus/matic-meta/assets/svg",
    "stmatic_matic_bac42ee5.svg",
  ],
  [
    "usdc_matic_0a883d9b",
    "@exodus/matic-meta/assets/svg",
    "usdc_matic_0a883d9b.svg",
  ],
  [
    "usdt_matic_86e249c1",
    "@exodus/matic-meta/assets/svg",
    "usdt_matic_86e249c1.svg",
  ],
  [
    "wbtc_matic_298d6ace",
    "@exodus/matic-meta/assets/svg",
    "wbtc_matic_298d6ace.svg",
  ],
  [
    "weth_matic",
    "@exodus/matic-meta/assets/svg",
    "weth_matic.svg",
  ],
  [
    "monero",
    "@exodus/monero-meta/assets/svg",
    "monero.svg",
  ],
  [
    "nano",
    "@exodus/nano-meta/assets/svg",
    "nano.svg",
  ],
  [
    "nem",
    "@exodus/nem-meta/assets/svg",
    "nem.svg",
  ],
  [
    "neo",
    "@exodus/neo-meta/assets/svg",
    "neo.svg",
  ],
  [
    "neogas",
    "@exodus/neo-meta/assets/svg",
    "neogas.svg",
  ],
  [
    "ontology",
    "@exodus/ontology-meta/assets/svg",
    "ontology.svg",
  ],
  [
    "ontologygas",
    "@exodus/ontology-meta/assets/svg",
    "ontologygas.svg",
  ],
  [
    "dai_optimism_6343ae93",
    "@exodus/optimism-meta/assets/svg",
    "dai_optimism_6343ae93.svg",
  ],
  [
    "op_optimism_4a7ee59d",
    "@exodus/optimism-meta/assets/svg",
    "op_optimism_4a7ee59d.svg",
  ],
  [
    "optimism",
    "@exodus/optimism-meta/assets/svg",
    "optimism.svg",
  ],
  [
    "usdc_optimism_68bb70cd",
    "@exodus/optimism-meta/assets/svg",
    "usdc_optimism_68bb70cd.svg",
  ],
  [
    "usdt_optimism_26487766",
    "@exodus/optimism-meta/assets/svg",
    "usdt_optimism_26487766.svg",
  ],
  [
    "wld_optimism_59dbb49e",
    "@exodus/optimism-meta/assets/svg",
    "wld_optimism_59dbb49e.svg",
  ],
  [
    "osmosis",
    "@exodus/osmosis-meta/assets/svg",
    "osmosis.svg",
  ],
  [
    "polkadot",
    "@exodus/polkadot-meta/assets/svg",
    "polkadot.svg",
  ],
  [
    "qtumignition",
    "@exodus/qtumignition-meta/assets/svg",
    "qtumignition.svg",
  ],
  [
    "ravencoin",
    "@exodus/ravencoin-meta/assets/svg",
    "ravencoin.svg",
  ],
  [
    "ripple",
    "@exodus/ripple-meta/assets/svg",
    "ripple.svg",
  ],
  [
    "dllr_rootstock_6cfc3a7b",
    "@exodus/rootstock-meta/assets/svg",
    "dllr_rootstock_6cfc3a7b.svg",
  ],
  [
    "rif_rootstock_c62f668d",
    "@exodus/rootstock-meta/assets/svg",
    "rif_rootstock_c62f668d.svg",
  ],
  [
    "rootstock",
    "@exodus/rootstock-meta/assets/svg",
    "rootstock.svg",
  ],
  [
    "2b1k_solana_f3924eb0",
    "@exodus/solana-meta/assets/svg",
    "2b1k_solana_f3924eb0.svg",
  ],
  [
    "6p6x_solana_056c2704",
    "@exodus/solana-meta/assets/svg",
    "6p6x_solana_056c2704.svg",
  ],
  [
    "7atg_solana_3506aeb0",
    "@exodus/solana-meta/assets/svg",
    "7atg_solana_3506aeb0.svg",
  ],
  [
    "7dhb_solana_c9e04412",
    "@exodus/solana-meta/assets/svg",
    "7dhb_solana_c9e04412.svg",
  ],
  [
    "7i5k_solana_c9e04412",
    "@exodus/solana-meta/assets/svg",
    "7i5k_solana_c9e04412.svg",
  ],
  [
    "audius_solana",
    "@exodus/solana-meta/assets/svg",
    "audius_solana.svg",
  ],
  [
    "dezx_solana_3b523050",
    "@exodus/solana-meta/assets/svg",
    "dezx_solana_3b523050.svg",
  ],
  [
    "eche_solana_c5cba5c4",
    "@exodus/solana-meta/assets/svg",
    "eche_solana_c5cba5c4.svg",
  ],
  [
    "fuaf_solana_2f933a22",
    "@exodus/solana-meta/assets/svg",
    "fuaf_solana_2f933a22.svg",
  ],
  [
    "jupy_solana_ed7ebe51",
    "@exodus/solana-meta/assets/svg",
    "jupy_solana_ed7ebe51.svg",
  ],
  [
    "mefn_solana_5d11b887",
    "@exodus/solana-meta/assets/svg",
    "mefn_solana_5d11b887.svg",
  ],
  [
    "msol_solana_c9e04412",
    "@exodus/solana-meta/assets/svg",
    "msol_solana_c9e04412.svg",
  ],
  [
    "orca_solana",
    "@exodus/solana-meta/assets/svg",
    "orca_solana.svg",
  ],
  [
    "poli_solana_0cc3745c",
    "@exodus/solana-meta/assets/svg",
    "poli_solana_0cc3745c.svg",
  ],
  [
    "raydium",
    "@exodus/solana-meta/assets/svg",
    "raydium.svg",
  ],
  [
    "serum",
    "@exodus/solana-meta/assets/svg",
    "serum.svg",
  ],
  [
    "smoothlovepotion_solana",
    "@exodus/solana-meta/assets/svg",
    "smoothlovepotion_solana.svg",
  ],
  [
    "solana",
    "@exodus/solana-meta/assets/svg",
    "solana.svg",
  ],
  [
    "staratlas_solana",
    "@exodus/solana-meta/assets/svg",
    "staratlas_solana.svg",
  ],
  [
    "tetherusd_solana",
    "@exodus/solana-meta/assets/svg",
    "tetherusd_solana.svg",
  ],
  [
    "thegraph_solana",
    "@exodus/solana-meta/assets/svg",
    "thegraph_solana.svg",
  ],
  [
    "usdcoin_solana",
    "@exodus/solana-meta/assets/svg",
    "usdcoin_solana.svg",
  ],
  [
    "4zmm_solanadevnet_1318d07d",
    "@exodus/solanadevnet-meta/assets/svg",
    "4zmm_solanadevnet_1318d07d.svg",
  ],
  [
    "solanadevnet",
    "@exodus/solanadevnet-meta/assets/svg",
    "solanadevnet.svg",
  ],
  [
    "solanatestnet",
    "@exodus/solanatestnet-meta/assets/svg",
    "solanatestnet.svg",
  ],
  [
    "evm0x13",
    "@exodus/songbird-meta/assets/svg",
    "evm0x13.svg",
  ],
  [
    "stellar",
    "@exodus/stellar-meta/assets/svg",
    "stellar.svg",
  ],
  [
    "sui",
    "@exodus/sui-meta/assets/svg",
    "sui.svg",
  ],
  [
    "terra",
    "@exodus/terra-meta/assets/svg",
    "terra.svg",
  ],
  [
    "tetherusd_tezos",
    "@exodus/tezos-meta/assets/svg",
    "tetherusd_tezos.svg",
  ],
  [
    "tezos",
    "@exodus/tezos-meta/assets/svg",
    "tezos.svg",
  ],
  [
    "tfuel",
    "@exodus/theta-meta/assets/svg",
    "tfuel.svg",
  ],
  [
    "theta",
    "@exodus/theta-meta/assets/svg",
    "theta.svg",
  ],
  [
    "ton",
    "@exodus/ton-meta/assets/svg",
    "ton.svg",
  ],
  [
    "bittorrentv2",
    "@exodus/tronmainnet-meta/assets/svg",
    "bittorrentv2.svg",
  ],
  [
    "just_tron",
    "@exodus/tronmainnet-meta/assets/svg",
    "just_tron.svg",
  ],
  [
    "sun_tron",
    "@exodus/tronmainnet-meta/assets/svg",
    "sun_tron.svg",
  ],
  [
    "tetherusd_tron",
    "@exodus/tronmainnet-meta/assets/svg",
    "tetherusd_tron.svg",
  ],
  [
    "tronmainnet",
    "@exodus/tronmainnet-meta/assets/svg",
    "tronmainnet.svg",
  ],
  [
    "vechainthor",
    "@exodus/vechainthor-meta/assets/svg",
    "vechainthor.svg",
  ],
  [
    "vethor",
    "@exodus/vechainthor-meta/assets/svg",
    "vethor.svg",
  ],
  [
    "vertcoin",
    "@exodus/vertcoin-meta/assets/svg",
    "vertcoin.svg",
  ],
  [
    "waves",
    "@exodus/waves-meta/assets/svg",
    "waves.svg",
  ],
  [
    "zcash",
    "@exodus/zcash-meta/assets/svg",
    "zcash.svg",
  ],
  [
    "zilliqa",
    "@exodus/zilliqa-meta/assets/svg",
    "zilliqa.svg",
  ],
]
`;
