exports[`ethereum index.js test evm fee data snapshot 1`] = `
{
  "baseFeePerGas": "50 Gwei",
  "eip1559Enabled": true,
  "enableFeeDelegation": false,
  "fuelThreshold": "0.025 ETH",
  "gasPrice": "75 Gwei",
  "gasPriceMaximumRate": 1.3,
  "gasPriceMinimumRate": 0.5,
  "gasPriceMultiplier": 1,
  "max": "250 Gwei",
  "min": "1 Gwei",
  "origin": "75 Gwei",
  "rbfEnabled": true,
  "swapFee": "0.05 ETH",
  "tipGasPrice": "2 Gwei",
}
`;
